
--- 2026-09-13T17:10:45.289Z debug
🪵  Writing logs to "/Users/pformela/projects/safespace/tmp/qa-mobile-2026-09-13/wrangler.log"
---

--- 2026-09-13T17:10:45.289Z warn
▲ [WARNING] Processing wrangler.jsonc configuration:

    - "unsafe" fields are experimental and may change or break at any time.


---

--- 2026-09-13T17:10:45.353Z warn
▲ [WARNING] Processing wrangler.jsonc configuration:

    - "unsafe" fields are experimental and may change or break at any time.


---

--- 2026-09-13T17:10:45.361Z warn
▲ [WARNING] Processing wrangler.jsonc configuration:

    - "unsafe" fields are experimental and may change or break at any time.


---

--- 2026-09-13T17:10:45.369Z warn
▲ [WARNING] Processing wrangler.jsonc configuration:

    - "unsafe" fields are experimental and may change or break at any time.


---

--- 2026-09-13T17:10:45.376Z warn
▲ [WARNING] Processing wrangler.jsonc configuration:

    - "unsafe" fields are experimental and may change or break at any time.


---

--- 2026-09-13T17:10:45.383Z warn
▲ [WARNING] Processing wrangler.jsonc configuration:

    - "unsafe" fields are experimental and may change or break at any time.


---

--- 2026-09-13T17:10:45.713Z log
Using secrets defined in .dev.vars
---

--- 2026-09-13T17:10:46.451Z log
Using secrets defined in .dev.vars
---
